[up2client.com/envato/biogi/resume/index.html]
[backblue.gif]
[fade.gif]
[index.html]
[up2client.com/envato/biogi/resume/assets/css/swap.css]
[up2client.com/envato/biogi/resume/assets/css/fancybox.min.css]
[up2client.com/envato/biogi/resume/assets/css/magnific-popup.min.css]
[up2client.com/envato/biogi/resume/assets/css/slick.css]
[up2client.com/envato/biogi/resume/assets/css/bootstrap.min.css]
[up2client.com/envato/biogi/resume/assets/css/style.css]
[up2client.com/envato/biogi/resume/assets/css/media_query.css]
[up2client.com/envato/biogi/resume/assets/images/loader.gif]
[up2client.com/envato/biogi/resume/assets/images/profile-img.png]
[up2client.com/envato/biogi/resume/assets/pdf/olivia_resume.pdf]
[up2client.com/envato/biogi/resume/assets/images/flower.png]
[up2client.com/envato/biogi/resume/assets/images/circular-img.png]
[up2client.com/envato/biogi/resume/assets/images/jessica-main-img.png]
[up2client.com/envato/biogi/resume/assets/images/clients-img1.jpg]
[up2client.com/envato/biogi/resume/assets/images/clients-img2.jpg]
[up2client.com/envato/biogi/resume/assets/images/clients-img3.jpg]
[up2client.com/envato/biogi/resume/assets/images/clients-img4.jpg]
[up2client.com/envato/biogi/resume/assets/images/brand-logo1.png]
[up2client.com/envato/biogi/resume/assets/images/brand-logo2.png]
[up2client.com/envato/biogi/resume/assets/images/brand-logo3.png]
[up2client.com/envato/biogi/resume/assets/images/brand-logo4.png]
[up2client.com/envato/biogi/resume/assets/images/brand-logo5.png]
[up2client.com/envato/biogi/resume/assets/images/brand-logo6.png]
[up2client.com/envato/biogi/resume/assets/images/brand-logo7.png]
[up2client.com/envato/biogi/resume/assets/images/brand-logo8.png]
[up2client.com/envato/biogi/resume/assets/images/figma-img.png]
[up2client.com/envato/biogi/resume/assets/images/photoshop-img.png]
[up2client.com/envato/biogi/resume/assets/images/adobe-xd-img.png]
[up2client.com/envato/biogi/resume/assets/images/sktech-img.png]
[up2client.com/envato/biogi/resume/assets/images/invision-img.png]
[up2client.com/envato/biogi/resume/assets/images/winner-award.png]
[up2client.com/envato/biogi/resume/assets/images/winner-award2.png]
[up2client.com/envato/biogi/resume/assets/images/winner-award3.png]
[up2client.com/envato/biogi/resume/assets/images/winner-award4.png]
[up2client.com/envato/biogi/resume/assets/images/gallery/gallery-img2.jpg]
[up2client.com/envato/biogi/resume/assets/images/content-img.png]
[up2client.com/envato/biogi/resume/assets/images/youtube-video-img.png]
[up2client.com/envato/biogi/resume/assets/images/vimeo-video-img.png]
[up2client.com/envato/biogi/resume/assets/images/sound-cloud-img.png]
[up2client.com/envato/biogi/resume/assets/images/gallery-img.png]
[up2client.com/envato/biogi/resume/assets/images/content-img2.png]
[up2client.com/envato/biogi/resume/assets/images/pop-up-img1.jpg]
[up2client.com/envato/biogi/resume/assets/images/pop-up-img2.jpg]
[up2client.com/envato/biogi/resume/assets/images/gallery/gallery-img1.jpg]
[up2client.com/envato/biogi/resume/assets/images/gallery/gallery-img3.jpg]
[up2client.com/envato/biogi/resume/assets/images/gallery/gallery-img4.jpg]
[up2client.com/envato/biogi/resume/assets/images/gallery/gallery-img5.jpg]
[up2client.com/envato/biogi/resume/assets/images/gallery/gallery-img6.jpg]
[up2client.com/envato/biogi/resume/assets/images/gallery/gallery-img7.jpg]
[up2client.com/envato/biogi/resume/assets/images/gallery/gallery-img8.jpg]
[up2client.com/envato/biogi/resume/assets/javascript/jquery.min.js]
[up2client.com/envato/biogi/resume/assets/javascript/fancybox.min.js]
[up2client.com/envato/biogi/resume/assets/javascript/magnific-popup.min.js]
[up2client.com/envato/biogi/resume/assets/javascript/slick.min.js]
[up2client.com/envato/biogi/resume/assets/javascript/bootstrap.bundle.min.js]
[up2client.com/envato/biogi/resume/assets/javascript/script.js]
[up2client.com/envato/biogi/resume/index.html]
[up2client.com/envato/biogi/resume/assets/images/svg/favicon.svg]
[up2client.com/envato/biogi/resume/assets/css/swap.css]
[up2client.com/envato/biogi/resume/assets/css/fancybox.min.css]
[up2client.com/envato/biogi/resume/assets/css/magnific-popup.min.css]
[up2client.com/envato/biogi/resume/assets/css/slick.css]
[up2client.com/envato/biogi/resume/assets/css/bootstrap.min.css]
[up2client.com/envato/biogi/resume/assets/images/noice-img.png]
[up2client.com/envato/biogi/resume/assets/images/blog-img1.png]
[up2client.com/envato/biogi/resume/assets/images/blog-img2.png]
[up2client.com/envato/biogi/resume/assets/images/blog-img3.png]
[up2client.com/envato/biogi/resume/assets/css/style.css]
[up2client.com/envato/biogi/resume/assets/css/media_query.css]
[up2client.com/envato/biogi/resume/assets/images/svg/email-svg.svg]
[up2client.com/envato/biogi/resume/assets/images/svg/behance-svg.svg]
[up2client.com/envato/biogi/resume/assets/images/svg/drribale-svg.svg]
[up2client.com/envato/biogi/resume/assets/images/svg/medium-svg.svg]
[up2client.com/envato/biogi/resume/assets/images/svg/home-svg.svg]
[up2client.com/envato/biogi/resume/assets/images/svg/about-svg.svg]
[up2client.com/envato/biogi/resume/assets/images/svg/resume-svg.svg]
[up2client.com/envato/biogi/resume/assets/images/svg/services-svg.svg]
[up2client.com/envato/biogi/resume/assets/images/svg/portfolio-svg.svg]
[up2client.com/envato/biogi/resume/assets/images/svg/pricing-svg.svg]
[up2client.com/envato/biogi/resume/assets/images/svg/blog-svg.svg]
[up2client.com/envato/biogi/resume/assets/images/svg/contact-svg.svg]
[up2client.com/envato/biogi/resume/assets/images/svg/ui-ux.svg]
[up2client.com/envato/biogi/resume/assets/images/svg/down-arrow.svg]
[up2client.com/envato/biogi/resume/assets/images/svg/visual-branding.svg]
[up2client.com/envato/biogi/resume/assets/images/svg/web-development.svg]
[up2client.com/envato/biogi/resume/assets/images/svg/app-development.svg]
[up2client.com/envato/biogi/resume/assets/images/svg/content-svg.svg]
[up2client.com/envato/biogi/resume/assets/images/svg/youtube-svg.svg]
[up2client.com/envato/biogi/resume/assets/images/svg/vimeo-svg.svg]
[up2client.com/envato/biogi/resume/assets/images/svg/sound-cloud.svg]
[up2client.com/envato/biogi/resume/assets/images/svg/gallery-svg.svg]
[up2client.com/envato/biogi/resume/assets/images/svg/basic-plain.svg]
[up2client.com/envato/biogi/resume/assets/images/svg/strandard-plan.svg]
[up2client.com/envato/biogi/resume/assets/images/svg/gold-plan.svg]
[up2client.com/envato/biogi/resume/assets/images/svg/colan-icon.svg]
[up2client.com/envato/biogi/resume/assets/images/svg/check-mark.svg]
